---
source: tui/src/chatwidget/tests/popups_and_settings.rs
assertion_line: 2316
expression: popup
---
  Fleet Status
  Select an agent thread to inspect its transcript.

› 1. • Main [default] (current)  running · active · 00000000-0000-0000-0000-000000000001
  2. • Scout [explorer]          closed · inactive · 00000000-0000-0000-0000-000000000002

  Press enter to confirm or esc to go back
