---
source: tui/src/chatwidget/tests/popups_and_settings.rs
assertion_line: 2118
expression: popup
---
  Fleet Status
  Async workflow runs and worker lanes.

› 1. Run 12345678                           running · 1 workers · inspect async fleet result
                                            display
  2.   abcd1234-current-state [researcher]  running · no deps · Map the current state

  Press enter to confirm or esc to go back
